
> moviepedia@0.1.0 test
> react-scripts test --coverage

  console.error
    Warning: validateDOMNesting(...): <div> cannot appear as a descendant of <p>.
        at div
        at p
        at /home/runner/work/HenHack-Period-Poverty/HenHack-Period-Poverty/node_modules/@emotion/react/dist/emotion-element-b63ca7c6.cjs.dev.js:43:23
        at ChakraComponent (/home/runner/work/HenHack-Period-Poverty/HenHack-Period-Poverty/node_modules/@chakra-ui/system/dist/index.js:228:71)
        at Text2 (/home/runner/work/HenHack-Period-Poverty/HenHack-Period-Poverty/node_modules/@chakra-ui/layout/dist/index.js:871:53)
        at div
        at /home/runner/work/HenHack-Period-Poverty/HenHack-Period-Poverty/node_modules/@emotion/react/dist/emotion-element-b63ca7c6.cjs.dev.js:43:23
        at ChakraComponent (/home/runner/work/HenHack-Period-Poverty/HenHack-Period-Poverty/node_modules/@chakra-ui/system/dist/index.js:228:71)
        at Flex2 (/home/runner/work/HenHack-Period-Poverty/HenHack-Period-Poverty/node_modules/@chakra-ui/layout/dist/index.js:307:11)
        at div
        at /home/runner/work/HenHack-Period-Poverty/HenHack-Period-Poverty/node_modules/@emotion/react/dist/emotion-element-b63ca7c6.cjs.dev.js:43:23
        at ChakraComponent (/home/runner/work/HenHack-Period-Poverty/HenHack-Period-Poverty/node_modules/@chakra-ui/system/dist/index.js:228:71)
        at CardBody2 (/home/runner/work/HenHack-Period-Poverty/HenHack-Period-Poverty/node_modules/@chakra-ui/card/dist/index.js:77:11)
        at div
        at /home/runner/work/HenHack-Period-Poverty/HenHack-Period-Poverty/node_modules/@emotion/react/dist/emotion-element-b63ca7c6.cjs.dev.js:43:23
        at ChakraComponent (/home/runner/work/HenHack-Period-Poverty/HenHack-Period-Poverty/node_modules/@chakra-ui/system/dist/index.js:228:71)
        at div
        at /home/runner/work/HenHack-Period-Poverty/HenHack-Period-Poverty/node_modules/@emotion/react/dist/emotion-element-b63ca7c6.cjs.dev.js:43:23
        at ChakraComponent (/home/runner/work/HenHack-Period-Poverty/HenHack-Period-Poverty/node_modules/@chakra-ui/system/dist/index.js:228:71)
        at Card2 (/home/runner/work/HenHack-Period-Poverty/HenHack-Period-Poverty/node_modules/@chakra-ui/card/dist/index.js:50:57)
        at div
        at /home/runner/work/HenHack-Period-Poverty/HenHack-Period-Poverty/node_modules/@emotion/react/dist/emotion-element-b63ca7c6.cjs.dev.js:43:23
        at ChakraComponent (/home/runner/work/HenHack-Period-Poverty/HenHack-Period-Poverty/node_modules/@chakra-ui/system/dist/index.js:228:71)
        at Grid2 (/home/runner/work/HenHack-Period-Poverty/HenHack-Period-Poverty/node_modules/@chakra-ui/layout/dist/index.js:327:5)
        at SimpleGrid2 (/home/runner/work/HenHack-Period-Poverty/HenHack-Period-Poverty/node_modules/@chakra-ui/layout/dist/index.js:618:13)
        at div
        at /home/runner/work/HenHack-Period-Poverty/HenHack-Period-Poverty/node_modules/@emotion/react/dist/emotion-element-b63ca7c6.cjs.dev.js:43:23
        at ChakraComponent (/home/runner/work/HenHack-Period-Poverty/HenHack-Period-Poverty/node_modules/@chakra-ui/system/dist/index.js:228:71)
        at Products
        at div
        at App

      4 |
      5 | test("renders learn react link", () => {
    > 6 |     render(<App />);
        |           ^
      7 |     const linkElement = screen.getByText(/learn react/i);
      8 |     expect(linkElement).toBeInTheDocument();
      9 | });

      at printWarning (node_modules/react-dom/cjs/react-dom.development.js:86:30)
      at error (node_modules/react-dom/cjs/react-dom.development.js:60:7)
      at validateDOMNesting (node_modules/react-dom/cjs/react-dom.development.js:10849:7)
      at createInstance (node_modules/react-dom/cjs/react-dom.development.js:10930:5)
      at completeWork (node_modules/react-dom/cjs/react-dom.development.js:22187:28)
      at completeUnitOfWork (node_modules/react-dom/cjs/react-dom.development.js:26593:16)
      at performUnitOfWork (node_modules/react-dom/cjs/react-dom.development.js:26568:5)
      at workLoopSync (node_modules/react-dom/cjs/react-dom.development.js:26466:5)
      at renderRootSync (node_modules/react-dom/cjs/react-dom.development.js:26434:7)
      at performConcurrentWorkOnRoot (node_modules/react-dom/cjs/react-dom.development.js:25738:74)
      at flushActQueue (node_modules/react/cjs/react.development.js:2667:24)
      at act (node_modules/react/cjs/react.development.js:2582:11)
      at node_modules/@testing-library/react/dist/act-compat.js:63:25
      at renderRoot (node_modules/@testing-library/react/dist/pure.js:159:26)
      at render (node_modules/@testing-library/react/dist/pure.js:246:10)
      at Object.<anonymous> (src/App.test.tsx:6:11)
      at TestScheduler.scheduleTests (node_modules/@jest/core/build/TestScheduler.js:333:13)
      at runJest (node_modules/@jest/core/build/runJest.js:404:19)
      at _run10000 (node_modules/@jest/core/build/cli/index.js:320:7)
      at runCLI (node_modules/@jest/core/build/cli/index.js:173:3)

  console.error
    Warning: The tag <text> is unrecognized in this browser. If you meant to render a React component, start its name with an uppercase letter.
        at text
        at div
        at /home/runner/work/HenHack-Period-Poverty/HenHack-Period-Poverty/node_modules/@emotion/react/dist/emotion-element-b63ca7c6.cjs.dev.js:43:23
        at ChakraComponent (/home/runner/work/HenHack-Period-Poverty/HenHack-Period-Poverty/node_modules/@chakra-ui/system/dist/index.js:228:71)
        at button
        at /home/runner/work/HenHack-Period-Poverty/HenHack-Period-Poverty/node_modules/@emotion/react/dist/emotion-element-b63ca7c6.cjs.dev.js:43:23
        at ChakraComponent (/home/runner/work/HenHack-Period-Poverty/HenHack-Period-Poverty/node_modules/@chakra-ui/system/dist/index.js:228:71)
        at AccordionButton2 (/home/runner/work/HenHack-Period-Poverty/HenHack-Period-Poverty/node_modules/@chakra-ui/accordion/dist/index.js:293:32)
        at div
        at /home/runner/work/HenHack-Period-Poverty/HenHack-Period-Poverty/node_modules/@emotion/react/dist/emotion-element-b63ca7c6.cjs.dev.js:43:23
        at ChakraComponent (/home/runner/work/HenHack-Period-Poverty/HenHack-Period-Poverty/node_modules/@chakra-ui/system/dist/index.js:228:71)
        at AccordionItem2 (/home/runner/work/HenHack-Period-Poverty/HenHack-Period-Poverty/node_modules/@chakra-ui/accordion/dist/index.js:358:13)
        at div
        at /home/runner/work/HenHack-Period-Poverty/HenHack-Period-Poverty/node_modules/@emotion/react/dist/emotion-element-b63ca7c6.cjs.dev.js:43:23
        at ChakraComponent (/home/runner/work/HenHack-Period-Poverty/HenHack-Period-Poverty/node_modules/@chakra-ui/system/dist/index.js:228:71)
        at Accordion2 (/home/runner/work/HenHack-Period-Poverty/HenHack-Period-Poverty/node_modules/@chakra-ui/accordion/dist/index.js:266:69)
        at div
        at /home/runner/work/HenHack-Period-Poverty/HenHack-Period-Poverty/node_modules/@emotion/react/dist/emotion-element-b63ca7c6.cjs.dev.js:43:23
        at ChakraComponent (/home/runner/work/HenHack-Period-Poverty/HenHack-Period-Poverty/node_modules/@chakra-ui/system/dist/index.js:228:71)
        at Locations (/home/runner/work/HenHack-Period-Poverty/HenHack-Period-Poverty/src/components/Locations.tsx:29:43)
        at div
        at App

      4 |
      5 | test("renders learn react link", () => {
    > 6 |     render(<App />);
        |           ^
      7 |     const linkElement = screen.getByText(/learn react/i);
      8 |     expect(linkElement).toBeInTheDocument();
      9 | });

      at printWarning (node_modules/react-dom/cjs/react-dom.development.js:86:30)
      at error (node_modules/react-dom/cjs/react-dom.development.js:60:7)
      at createElement (node_modules/react-dom/cjs/react-dom.development.js:9816:9)
      at createInstance (node_modules/react-dom/cjs/react-dom.development.js:10941:20)
      at completeWork (node_modules/react-dom/cjs/react-dom.development.js:22187:28)
      at completeUnitOfWork (node_modules/react-dom/cjs/react-dom.development.js:26593:16)
      at performUnitOfWork (node_modules/react-dom/cjs/react-dom.development.js:26568:5)
      at workLoopSync (node_modules/react-dom/cjs/react-dom.development.js:26466:5)
      at renderRootSync (node_modules/react-dom/cjs/react-dom.development.js:26434:7)
      at performConcurrentWorkOnRoot (node_modules/react-dom/cjs/react-dom.development.js:25738:74)
      at flushActQueue (node_modules/react/cjs/react.development.js:2667:24)
      at act (node_modules/react/cjs/react.development.js:2582:11)
      at node_modules/@testing-library/react/dist/act-compat.js:63:25
      at renderRoot (node_modules/@testing-library/react/dist/pure.js:159:26)
      at render (node_modules/@testing-library/react/dist/pure.js:246:10)
      at Object.<anonymous> (src/App.test.tsx:6:11)
      at TestScheduler.scheduleTests (node_modules/@jest/core/build/TestScheduler.js:333:13)
      at runJest (node_modules/@jest/core/build/runJest.js:404:19)
      at _run10000 (node_modules/@jest/core/build/cli/index.js:320:7)
      at runCLI (node_modules/@jest/core/build/cli/index.js:173:3)

FAIL src/App.test.tsx
  ✕ renders learn react link (570 ms)

  ● renders learn react link

    TestingLibraryElementError: Unable to find an element with the text: /learn react/i. This could be because the text is broken up by multiple elements. In this case, you can provide a function for your text matcher to make your matcher more flexible.

    Ignored nodes: comments, script, style
    [36m<body>[39m
      [36m<div>[39m
        [36m<div[39m
          [33mclass[39m=[32m"App"[39m
        [36m>[39m
          [36m<header[39m
            [33mclass[39m=[32m"App-header"[39m
          [36m>[39m
            [0mPeriod Poverty[0m
          [36m</header>[39m
          [36m<div[39m
            [33mclass[39m=[32m"css-17xejub"[39m
          [36m/>[39m
          [36m<div[39m
            [33mclass[39m=[32m"css-0"[39m
          [36m>[39m
            [36m<h2[39m
              [33mclass[39m=[32m"chakra-heading css-0"[39m
              [33mstyle[39m=[32m"font-family: 'Georgia', sans-serif;"[39m
            [36m>[39m
              [36m<p[39m
                [33mclass[39m=[32m"chakra-text css-1mueij"[39m
              [36m>[39m
                [0mWhat is Period Poverty?[0m
              [36m</p>[39m
            [36m</h2>[39m
            [36m<p[39m
              [33mclass[39m=[32m"chakra-text css-94fzks"[39m
              [33mstyle[39m=[32m"font-family: 'Georgia', sans-serif;"[39m
            [36m>[39m
              [0mPeriod poverty is a lack of access to period products, hygiene facilities, menstrual education, or waste management. It also refers to the economic vulnerability that menstruating people experience due to the financial burdens of purchasing products. Hygiene products can also be severly limited based on location, forcing people to resort to makeshift products which can lead to negative health issues. Some of the most impacted groups are people in low-income countries, those facing homelessness, and those incarcerated.[0m
            [36m</p>[39m
            [36m<div[39m
              [33mclass[39m=[32m"css-17xejub"[39m
            [36m/>[39m
            [36m<button[39m
              [33maria-controls[39m=[32m"popover-content-:r1:"[39m
              [33maria-expanded[39m=[32m"false"[39m
              [33maria-haspopup[39m=[32m"dialog"[39m
              [33mclass[39m=[32m"chakra-button css-1lqsy79"[39m
              [33mid[39m=[32m"popover-trigger-:r1:"[39m
              [33mtype[39m=[32m"button"[39m
            [36m>[39m
              [0mLow-Income[0m
            [36m</button>[39m
            [36m<div[39m
              [33mclass[39m=[32m"chakra-popover__popper css-0"[39m
              [33mstyle[39m=[32m"visibility: hidden; position: absolute; min-width: max-content; inset: 0 auto auto 0;"[39m
            [36m>[39m
              [36m<section[39m
                [33maria-describedby[39m=[32m"popover-body-:r1:"[39m
                [33mclass[39m=[32m"chakra-popover__content css-1ab1jlb"[39m
                [33mid[39m=[32m"popover-content-:r1:"[39m
                [33mrole[39m=[32m"dialog"[39m
                [33mstyle[39m=[32m"transform-origin: var(--popper-transform-origin); opacity: 0; visibility: hidden; transform: scale(0.95) translateZ(0);"[39m
                [33mtabindex[39m=[32m"-1"[39m
              [36m>[39m
                [36m<div[39m
                  [33mclass[39m=[32m"chakra-popover__arrow-positioner css-0"[39m
                  [33mdata-popper-arrow[39m=[32m""[39m
                  [33mstyle[39m=[32m"position: absolute;"[39m
                [36m>[39m
                  [36m<div[39m
                    [33mclass[39m=[32m"chakra-popover__arrow css-0"[39m
                    [33mdata-popper-arrow-inner[39m=[32m""[39m
                  [36m/>[39m
                [36m</div>[39m
                [36m<button[39m
                  [33maria-label[39m=[32m"Close"[39m
                  [33mclass[39m=[32m"chakra-popover__close-btn css-6sdaxy"[39m
                  [33mtype[39m=[32m"button"[39m
                [36m>[39m
                  [36m<svg[39m
                    [33maria-hidden[39m=[32m"true"[39m
                    [33mclass[39m=[32m"chakra-icon css-onkibi"[39m
                    [33mfocusable[39m=[32m"false"[39m
                    [33mviewBox[39m=[32m"0 0 24 24"[39m
                  [36m>[39m
                    [36m<path[39m
                      [33md[39m=[32m"M.439,21.44a1.5,1.5,0,0,0,2.122,2.121L11.823,14.3a.25.25,0,0,1,.354,0l9.262,9.263a1.5,1.5,0,1,0,2.122-2.121L14.3,12.177a.25.25,0,0,1,0-.354l9.263-9.262A1.5,1.5,0,0,0,21.439.44L12.177,9.7a.25.25,0,0,1-.354,0L2.561.44A1.5,1.5,0,0,0,.439,2.561L9.7,11.823a.25.25,0,0,1,0,.354Z"[39m
                      [33mfill[39m=[32m"currentColor"[39m
                    [36m/>[39m
                  [36m</svg>[39m
                [36m</button>[39m
                [36m<div[39m
                  [33mclass[39m=[32m"chakra-popover__body css-0"[39m
                  [33mid[39m=[32m"popover-body-:r1:"[39m
                [36m>[39m
                  [0mMany low-income countries not only lack period product supplies but tend to have issues with sanitation and hygiene facilities. With these situations it has a poor impact on mental health as well as puts them in dangerous situations as many have to seek dangerous means to recieve products.[0m
                [36m</div>[39m
              [36m</section>[39m
            [36m</div>[39m
            [36m<button[39m
              [33maria-controls[39m=[32m"popover-content-:r3:"[39m
              [33maria-expanded[39m=[32m"false"[39m
              [33maria-haspopup[39m=[32m"dialog"[39m
              [33mclass[39m=[32m"chakra-button css-1lqsy79"[39m
              [33mid[39m=[32m"popover-trigger-:r3:"[39m
              [33mtype[39m=[32m"button"[39m
            [36m>[39m
              [0mHomelessness[0m
            [36m</button>[39m
            [36m<div[39m
              [33mclass[39m=[32m"chakra-popover__popper css-0"[39m
              [33mstyle[39m=[32m"visibility: hidden; position: absolute; min-width: max-content; inset: 0 auto auto 0;"[39m
            [36m>[39m
              [36m<section[39m
                [33maria-describedby[39m=[32m"popover-body-:r3:"[39m
                [33mclass[39m=[32m"chakra-popover__content css-1ab1jlb"[39m
                [33mid[39m=[32m"popover-content-:r3:"[39m
                [33mrole[39m=[32m"dialog"[39m
                [33mstyle[39m=[32m"transform-origin: var(--popper-transform-origin); opacity: 0; visibility: hidden; transform: scale(0.95) translateZ(0);"[39m
                [33mtabindex[39m=[32m"-1"[39m
              [36m>[39m
                [36m<div[39m
                  [33mclass[39m=[32m"chakra-popover__arrow-positioner css-0"[39m
                  [33mdata-popper-arrow[39m=[32m""[39m
                  [33mstyle[39m=[32m"position: absolute;"[39m
                [36m>[39m
                  [36m<div[39m
                    [33mclass[39m=[32m"chakra-popover__arrow css-0"[39m
                    [33mdata-popper-arrow-inner[39m=[32m""[39m
                  [36m/>[39m
                [36m</div>[39m
                [36m<button[39m
                  [33maria-label[39m=[32m"Close"[39m
                  [33mclass[39m=[32m"chakra-popover__close-btn css-6sdaxy"[39m
                  [33mtype[39m=[32m"button"[39m
                [36m>[39m
                  [36m<svg[39m
                    [33maria-hidden[39m=[32m"true"[39m
                    [33mclass[39m=[32m"chakra-icon css-onkibi"[39m
                    [33mfocusable[39m=[32m"false"[39m
                    [33mviewBox[39m=[...

       5 | test("renders learn react link", () => {
       6 |     render(<App />);
    >  7 |     const linkElement = screen.getByText(/learn react/i);
         |                                ^
       8 |     expect(linkElement).toBeInTheDocument();
       9 | });
      10 |

      at Object.getElementError (node_modules/@testing-library/react/node_modules/@testing-library/dom/dist/config.js:37:19)
      at node_modules/@testing-library/react/node_modules/@testing-library/dom/dist/query-helpers.js:76:38
      at node_modules/@testing-library/react/node_modules/@testing-library/dom/dist/query-helpers.js:52:17
      at getByText (node_modules/@testing-library/react/node_modules/@testing-library/dom/dist/query-helpers.js:95:19)
      at Object.<anonymous> (src/App.test.tsx:7:32)
      at TestScheduler.scheduleTests (node_modules/@jest/core/build/TestScheduler.js:333:13)
      at runJest (node_modules/@jest/core/build/runJest.js:404:19)
      at _run10000 (node_modules/@jest/core/build/cli/index.js:320:7)
      at runCLI (node_modules/@jest/core/build/cli/index.js:173:3)

---------------------|---------|----------|---------|---------|-------------------
File                 | % Stmts | % Branch | % Funcs | % Lines | Uncovered Line #s 
---------------------|---------|----------|---------|---------|-------------------
All files            |      56 |        0 |   57.14 |   54.16 |                   
 src                 |   13.33 |        0 |   33.33 |   13.33 |                   
  App.tsx            |     100 |      100 |     100 |     100 |                   
  index.tsx          |       0 |      100 |     100 |       0 | 8-32              
  products.tsx       |     100 |      100 |     100 |     100 |                   
  reportWebVitals.ts |       0 |        0 |       0 |       0 | 3-10              
 src/components      |   74.28 |      100 |   61.11 |   72.72 |                   
  Location.tsx       |       0 |        0 |       0 |       0 |                   
  Locations.tsx      |   77.27 |      100 |   54.54 |   76.19 | 25,36-46          
  Poverty.tsx        |     100 |      100 |     100 |     100 |                   
  Product.tsx        |       0 |        0 |       0 |       0 |                   
  Products.tsx       |   63.63 |      100 |   66.66 |      60 | 18,26-28          
  locationList.tsx   |     100 |      100 |     100 |     100 |                   
---------------------|---------|----------|---------|---------|-------------------
Test Suites: 1 failed, 1 total
Tests:       1 failed, 1 total
Snapshots:   0 total
Time:        3.61 s
Ran all test suites.
